%Struct{
  key: <<100, 105, 102, 102, 101, 114, 101, 110, 116, 95, 118, 97, 108, 117,
    101>>
}