[
  hello: 1,
  hello: 2,
  hello: 3,
  hello: 4,
  hello: 5,
  hello: 6,
  hello: 7,
  hello: 8,
  hello: 9,
  hello: 10,
  hello: 11,
  hello: 12,
  hello: 13,
  hello: 14,
  hello: 15,
  hello: 16,
  hello: 17,
  hello: 18,
  hello: 19,
  hello: 20,
  hello: 21,
  hello: 22,
  hello: 23,
  hello: 24,
  hello: 25,
  hello: 26,
  hello: 27,
  hello: 28,
  hello: 29,
  hello: 30,
  hello: 31,
  hello: 32,
  hello: 33,
  hello: 34,
  hello: 35,
  hello: 36,
  hello: 37,
  hello: 38,
  hello: 39,
  hello: 40,
  hello: 41,
  hello: 42,
  hello: 43,
  hello: 44,
  hello: 45,
  hello: 46,
  hello: 47,
  hello: 48,
  hello: 49,
  hello: 50,
  hello: 51,
  hello: 52,
  hello: 53,
  hello: 54,
  hello: 55,
  hello: 56,
  hello: 57,
  hello: 58,
  hello: 59,
  hello: 60,
  hello: 61,
  hello: 62,
  hello: 63,
  hello: 64,
  hello: 65,
  hello: 66,
  hello: 67,
  hello: 68,
  hello: 69,
  hello: 70,
  hello: 71,
  hello: 72,
  hello: 73,
  hello: 74,
  hello: 75,
  hello: 76,
  hello: 77,
  hello: 78,
  hello: 79,
  hello: 80,
  hello: 81,
  hello: 82,
  hello: 83,
  hello: 84,
  hello: 85,
  hello: 86,
  hello: 87,
  hello: 88,
  hello: 89,
  hello: 90,
  hello: 91,
  hello: 92,
  hello: 93,
  hello: 94,
  hello: 95,
  hello: 96,
  hello: 97,
  hello: 98,
  hello: 99,
  hello: 100
]